
> pms_clone@0.0.0 dev
> vite --host 127.0.0.1 --port 4196 --strictPort


  [32m[1mVITE[22m v8.0.12[39m  [2mready in [0m[1m811[22m[2m[0m ms[22m

  [32m➜[39m  [1mLocal[22m:   [36mhttp://127.0.0.1:[1m4196[22m/[39m
[2m[32m  ➜[39m[22m[2m  press [22m[1mh + enter[22m[2m to show help[22m
[2m18:03:08[22m [36m[1m[vite][22m[39m [90m[2m(client)[22m[39m [32mpage reload [39m[2martifacts/dom-snapshots/ai-quanyu-leida--shuju-yu-peizhi--quanyu-shuju/error-clone-20260519100228-page.html[22m
[2m18:03:08[22m [36m[1m[vite][22m[39m [90m[2m(client)[22m[39m [32mpage reload [39m[2martifacts/dom-snapshots/baobiao--yushouquan-shuju--yushouquan-xiaoshou-tongji/empty-clone-20260519101110-page.html[22m
[2m18:03:35[22m [36m[1m[vite][22m[39m [90m[2m(client)[22m[39m [32mhmr update [39m[2m/src/pages/GlobalSettingPage.css[22m
[2m18:03:35[22m [36m[1m[vite][22m[39m [90m[2m(client)[22m[39m [32mhmr update [39m[2m/src/pages/GlobalSettingPage.css[22m
[2m18:03:38[22m [36m[1m[vite][22m[39m [90m[2m(client)[22m[39m [32mhmr update [39m[2m/src/pages/StatisticsDistributionOrderPage.tsx[22m
[2m18:03:38[22m [36m[1m[vite][22m[39m [90m[2m(client)[22m[39m [32mhmr update [39m[2m/src/pages/StatisticsDistributionOrderPage.css[22m
[2m18:03:38[22m [36m[1m[vite][22m[39m [90m[2m(client)[22m[39m [32mhmr update [39m[2m/src/pages/StatisticsDistributionOrderPage.tsx[22m
[2m18:04:08[22m [36m[1m[vite][22m[39m [90m[2m(client)[22m[39m [32mpage reload [39m[2martifacts/dom-snapshots/baobiao--yushouquan-shuju--yushouquan-xiaoshou-tongji/error-clone-20260519101210-page.html[22m
[2m18:05:38[22m [36m[1m[vite][22m[39m [90m[2m(client)[22m[39m [32mpage reload [39m[2martifacts/dom-snapshots/baobiao--tongji-baobiao--shouru-baobiao/default-clone-20260519T0530.942-page.html[22m
[2m18:05:48[22m [36m[1m[vite][22m[39m [90m[2m(client)[22m[39m [32mpage reload [39m[2martifacts/dom-snapshots/baobiao--tongji-baobiao--shouru-baobiao/empty-clone-20260519T0530.942-page.html[22m
[2m18:05:53[22m [36m[1m[vite][22m[39m [90m[2m(client)[22m[39m [32mpage reload [39m[2martifacts/dom-snapshots/baobiao--tongji-baobiao--shouru-baobiao/error-clone-20260519T0530.942-page.html[22m
[2m18:05:59[22m [36m[1m[vite][22m[39m [90m[2m(client)[22m[39m [32mpage reload [39m[2martifacts/dom-snapshots/shezhi--xinxi-weihu--tupian-shipin/default-target-20260519T220500-page.html[22m
[2m18:06:13[22m [36m[1m[vite][22m[39m [90m[2m(client)[22m[39m [32mhmr update [39m[2m/src/pages/OrderLedgerPage.tsx[22m
[2m18:06:13[22m [36m[1m[vite][22m[39m [90m[2m(client)[22m[39m [32mhmr update [39m[2m/src/pages/OrderLedgerPage.css[22m
[2m18:06:13[22m [36m[1m[vite][22m[39m [90m[2m(client)[22m[39m [32mpage reload [39m[2msrc/services/orderLedger.ts[22m
[2m18:06:58[22m [36m[1m[vite][22m[39m [90m[2m(client)[22m[39m [32mpage reload [39m[2martifacts/dom-snapshots/shezhi--xinxi-weihu--mendian-xinxi/default-target-20260519-95-refresh-page.html[22m
[2m18:07:45[22m [36m[1m[vite][22m[39m [90m[2m(client)[22m[39m [32mhmr update [39m[2m/src/pages/ReportPage.tsx[22m
[2m18:07:45[22m [36m[1m[vite][22m[39m [90m[2m(client)[22m[39m [32mhmr update [39m[2m/src/pages/ReportPage.tsx[22m
[2m18:09:19[22m [36m[1m[vite][22m[39m [90m[2m(client)[22m[39m [32mpage reload [39m[2martifacts/dom-snapshots/ai-quanyu-leida--shuju-yu-peizhi--peizhi-zhongxin/default-clone-20260519-final-page.html[22m
[2m18:09:21[22m [36m[1m[vite][22m[39m [90m[2m(client)[22m[39m [32mpage reload [39m[2martifacts/dom-snapshots/ai-quanyu-leida--shuju-yu-peizhi--peizhi-zhongxin/default-clone-20260519-final-page.html[22m
[2m18:09:52[22m [36m[1m[vite][22m[39m [90m[2m(client)[22m[39m [32mpage reload [39m[2martifacts/dom-snapshots/shezhi--qiye-shezhi--chengyuan-shezhi/default-target-20260519-fresh-default-page.html[22m
[2m18:09:55[22m [36m[1m[vite][22m[39m [90m[2m(client)[22m[39m [32mpage reload [39m[2martifacts/dom-snapshots/shezhi--qiye-shezhi--chengyuan-shezhi/search-target-20260519-fresh-search-page.html[22m
[2m18:09:59[22m [36m[1m[vite][22m[39m [90m[2m(client)[22m[39m [32mpage reload [39m[2martifacts/dom-snapshots/shezhi--qiye-shezhi--chengyuan-shezhi/add-target-20260519-fresh-add-page.html[22m
[2m18:10:02[22m [36m[1m[vite][22m[39m [90m[2m(client)[22m[39m [32mpage reload [39m[2martifacts/dom-snapshots/zhihui-jiudian--zhizhu-yu-yingjian--zhineng-mensuo/default-target-20260519181030-page.html[22m
[2m18:10:09[22m [36m[1m[vite][22m[39m [90m[2m(client)[22m[39m [32mpage reload [39m[2martifacts/dom-snapshots/shezhi--qiye-shezhi--chengyuan-shezhi/role-dropdown-target-20260519-fresh-role-page.html[22m
[2m18:10:09[22m [36m[1m[vite][22m[39m [90m[2m(client)[22m[39m [32mpage reload [39m[2martifacts/dom-snapshots/zhihui-jiudian--zhizhu-yu-yingjian--psb-gongan-duijie/default-clone-20260520-local-audit-page.html[22m
[2m18:10:09[22m [36m[1m[vite][22m[39m [90m[2m(client)[22m[39m [32mpage reload [39m[2martifacts/dom-snapshots/zhihui-jiudian--zhizhu-yu-yingjian--psb-gongan-duijie/primary-action-clone-20260520-local-audit-page.html[22m
[2m18:10:11[22m [36m[1m[vite][22m[39m [90m[2m(client)[22m[39m [32mpage reload [39m[2martifacts/dom-snapshots/shezhi--xinxi-weihu--mendian-xinxi/new-store-target-20260519-95-refresh-page.html[22m
[2m18:13:06[22m [36m[1m[vite][22m[39m [90m[2m(client)[22m[39m [32mpage reload [39m[2msrc/services/orderLedger.ts[22m
[2m18:13:06[22m [36m[1m[vite][22m[39m [90m[2m(client)[22m[39m [32mhmr update [39m[2m/src/pages/OrderLedgerPage.css[22m
[2m18:13:06[22m [36m[1m[vite][22m[39m [90m[2m(client)[22m[39m [32mhmr update [39m[2m/src/pages/OrderLedgerPage.tsx[22m
[2m18:13:23[22m [36m[1m[vite][22m[39m [90m[2m(client)[22m[39m [32mpage reload [39m[2martifacts/dom-snapshots/ai-quanyu-leida--shuju-yu-peizhi--peizhi-zhongxin/interaction-clone-20260519-final-page.html[22m
[2m18:13:23[22m [36m[1m[vite][22m[39m [90m[2m(client)[22m[39m [32mpage reload [39m[2martifacts/dom-snapshots/ai-quanyu-leida--shuju-yu-peizhi--peizhi-zhongxin/interaction-clone-20260519-final-page.html[22m
[2m18:13:40[22m [36m[1m[vite][22m[39m [90m[2m(client)[22m[39m [32mpage reload [39m[2mtmp/order-ledger-dist/index.html[22m
[2m18:13:54[22m [36m[1m[vite][22m[39m [90m[2m(client)[22m[39m [32mpage reload [39m[2mtmp/order-ledger-dist/index.html[22m
[2m18:14:34[22m [36m[1m[vite][22m[39m [90m[2m(client)[22m[39m [32mhmr update [39m[2m/src/pages/OrderLedgerPage.tsx[22m
[2m18:15:31[22m [36m[1m[vite][22m[39m [90m[2m(client)[22m[39m [32mpage reload [39m[2mtmp/order-ledger-dist/index.html[22m
[2m18:15:37[22m [36m[1m[vite][22m[39m [90m[2m(client)[22m[39m [32mpage reload [39m[2mtmp/order-ledger-dist/index.html[22m
[2m18:16:05[22m [36m[1m[vite][22m[39m [90m[2m(client)[22m[39m [32mpage reload [39m[2martifacts/dom-snapshots/shezhi--qiye-shezhi--qiye-zizhi/default-target-20260519-181446-page.html[22m
[2m18:16:13[22m [36m[1m[vite][22m[39m [90m[2m(client)[22m[39m [32mpage reload [39m[2martifacts/dom-snapshots/shezhi--xinxi-weihu--mendian-xinxi/sort-target-20260519-95-refresh-page.html[22m
[2m18:18:57[22m [36m[1m[vite][22m[39m [90m[2m(client)[22m[39m [32mpage reload [39m[2martifacts/dom-snapshots/shezhi--qiye-shezhi--api-keys/default-target-20260519-fresh-default-min-page.html[22m
[2m18:19:21[22m [36m[1m[vite][22m[39m [90m[2m(client)[22m[39m [32mhmr update [39m[2m/src/pages/PermissionSettingPage.tsx[22m
[2m18:19:21[22m [36m[1m[vite][22m[39m [90m[2m(client)[22m[39m [32mhmr update [39m[2m/src/pages/PermissionSettingPage.tsx[22m
[2m18:19:21[22m [36m[1m[vite][22m[39m [90m[2m(client)[22m[39m [32mhmr update [39m[2m/src/pages/PermissionSettingPage.tsx[22m
[2m18:20:05[22m [36m[1m[vite][22m[39m [90m[2m(client)[22m[39m [32mpage reload [39m[2martifacts/dom-snapshots/zhihui-jiudian--zhizhu-yu-yingjian--zhineng-mensuo/default-clone-20260519182510-page.html[22m
[2m18:20:23[22m [36m[1m[vite][22m[39m [90m[2m(client)[22m[39m [32mhmr update [39m[2m/src/pages/PermissionSettingPage.css[22m
[2m18:20:23[22m [36m[1m[vite][22m[39m [90m[2m(client)[22m[39m [32mhmr update [39m[2m/src/pages/PermissionSettingPage.css[22m
[2m18:20:23[22m [36m[1m[vite][22m[39m [90m[2m(client)[22m[39m [32mhmr update [39m[2m/src/pages/PermissionSettingPage.css[22m
[2m18:20:59[22m [36m[1m[vite][22m[39m [90m[2m(client)[22m[39m [32mhmr update [39m[2m/src/pages/ShiftRecordPage.tsx[22m
[2m18:21:11[22m [36m[1m[vite][22m[39m [90m[2m(client)[22m[39m [32mhmr update [39m[2m/src/pages/CompanyInfoPage.tsx[22m
[2m18:22:09[22m [36m[1m[vite][22m[39m [90m[2m(client)[22m[39m [32mhmr update [39m[2m/src/pages/ShiftRecordPage.tsx[22m
[2m18:22:21[22m [36m[1m[vite][22m[39m [90m[2m(client)[22m[39m [32mhmr update [39m[2m/src/pages/ShiftRecordPage.css[22m
[2m18:22:22[22m [36m[1m[vite][22m[39m [90m[2m(client)[22m[39m [32mhmr update [39m[2m/src/pages/CompanyInfoPage.tsx[22m
[2m18:22:26[22m [36m[1m[vite][22m[39m [90m[2m(client)[22m[39m [32mhmr update [39m[2m/src/pages/CompanyInfoPage.css[22m
[2m18:22:49[22m [36m[1m[vite][22m[39m [90m[2m(client)[22m[39m [32mhmr update [39m[2m/src/pages/PermissionSettingPage.tsx[22m
[2m18:22:49[22m [36m[1m[vite][22m[39m [90m[2m(client)[22m[39m [32mhmr update [39m[2m/src/pages/PermissionSettingPage.tsx[22m
[2m18:23:14[22m [36m[1m[vite][22m[39m [90m[2m(client)[22m[39m [32mhmr update [39m[2m/src/pages/ShiftRecordPage.css[22m
[2m18:23:21[22m [36m[1m[vite][22m[39m [90m[2m(client)[22m[39m [32mhmr update [39m[2m/src/pages/PermissionSettingPage.tsx[22m
[2m18:23:21[22m [36m[1m[vite][22m[39m [90m[2m(client)[22m[39m [32mhmr update [39m[2m/src/pages/SalesReportPage.tsx[22m
[2m18:23:22[22m [36m[1m[vite][22m[39m [90m[2m(client)[22m[39m [32mhmr update [39m[2m/src/pages/PermissionSettingPage.tsx[22m
[2m18:23:22[22m [36m[1m[vite][22m[39m [90m[2m(client)[22m[39m [32mhmr update [39m[2m/src/pages/SalesReportPage.tsx[22m
[2m18:23:22[22m [36m[1m[vite][22m[39m [90m[2m(client)[22m[39m [32mhmr update [39m[2m/src/pages/CompanyInfoPage.css[22m
[2m18:24:53[22m [36m[1m[vite][22m[39m [90m[2m(client)[22m[39m [32mhmr update [39m[2m/src/pages/CompanyInfoPage.tsx[22m
[2m18:25:06[22m [36m[1m[vite][22m[39m [90m[2m(client)[22m[39m [32mpage reload [39m[2m.tmp/chrome-cdp-test/Default/Extensions/ngpampappnmepgilojfohadhhmbhlaek/6.42.60_0/captured.html[22m
[2m18:25:06[22m [36m[1m[vite][22m[39m [90m[2m(client)[22m[39m [32mpage reload [39m[2m.tmp/chrome-cdp-test/Default/Extensions/ngpampappnmepgilojfohadhhmbhlaek/6.42.60_0/welcome.html[22m
[2m18:25:09[22m [36m[1m[vite][22m[39m [90m[2m(client)[22m[39m [32mhmr update [39m[2m/src/pages/ShiftRecordPage.tsx[22m
[2m18:25:09[22m [36m[1m[vite][22m[39m [90m[2m(client)[22m[39m [32mhmr update [39m[2m/src/pages/ShiftRecordPage.tsx[22m
[2m18:25:44[22m [36m[1m[vite][22m[39m [90m[2m(client)[22m[39m [32mhmr update [39m[2m/src/pages/ShiftRecordPage.tsx[22m
[2m18:25:45[22m [36m[1m[vite][22m[39m [90m[2m(client)[22m[39m [32mhmr update [39m[2m/src/pages/ShiftRecordPage.tsx[22m
[2m18:25:58[22m [36m[1m[vite][22m[39m [90m[2m(client)[22m[39m [32mpage reload [39m[2m.tmp/chrome-cdp-test/Default/Extensions/nmmhkkegccagdldgiimedpiccmgmieda/1.0.0.6_0/html/craw_window.html[22m
[2m18:26:05[22m [36m[1m[vite][22m[39m [90m[2m(client)[22m[39m [32mhmr update [39m[2m/src/pages/PermissionSettingPage.tsx[22m
[2m18:26:05[22m [36m[1m[vite][22m[39m [90m[2m(client)[22m[39m [32mhmr update [39m[2m/src/pages/PermissionSettingPage.tsx[22m
[2m18:27:02[22m [36m[1m[vite][22m[39m [90m[2m(client)[22m[39m [32mpage reload [39m[2m.tmp/chrome-cdp-test-ps/Default/Extensions/ngpampappnmepgilojfohadhhmbhlaek/6.42.60_0/captured.html[22m
[2m18:27:02[22m [36m[1m[vite][22m[39m [90m[2m(client)[22m[39m [32mpage reload [39m[2m.tmp/chrome-cdp-test-ps/Default/Extensions/ngpampappnmepgilojfohadhhmbhlaek/6.42.60_0/welcome.html[22m
[2m18:27:43[22m [36m[1m[vite][22m[39m [90m[2m(client)[22m[39m [32mpage reload [39m[2m.tmp/chrome-cdp-test-ps/Default/Extensions/nmmhkkegccagdldgiimedpiccmgmieda/1.0.0.6_0/html/craw_window.html[22m
[2m18:28:53[22m [36m[1m[vite][22m[39m [90m[2m(client)[22m[39m [32mpage reload [39m[2m.tmp/chrome-cdp-test-ps2/Default/Extensions/ngpampappnmepgilojfohadhhmbhlaek/6.42.60_0/captured.html[22m
[2m18:28:53[22m [36m[1m[vite][22m[39m [90m[2m(client)[22m[39m [32mpage reload [39m[2m.tmp/chrome-cdp-test-ps2/Default/Extensions/ngpampappnmepgilojfohadhhmbhlaek/6.42.60_0/welcome.html[22m
[2m18:30:00[22m [36m[1m[vite][22m[39m [90m[2m(client)[22m[39m [32mpage reload [39m[2mtmp/ai-global-data-route.html[22m
[2m18:30:51[22m [36m[1m[vite][22m[39m [90m[2m(client)[22m[39m [32mpage reload [39m[2m.tmp/chrome-cdp-test-ps3/Default/Extensions/ngpampappnmepgilojfohadhhmbhlaek/6.42.60_0/captured.html[22m
[2m18:30:51[22m [36m[1m[vite][22m[39m [90m[2m(client)[22m[39m [32mpage reload [39m[2m.tmp/chrome-cdp-test-ps3/Default/Extensions/ngpampappnmepgilojfohadhhmbhlaek/6.42.60_0/welcome.html[22m
[2m18:31:07[22m [36m[1m[vite][22m[39m [90m[2m(client)[22m[39m [32mpage reload [39m[2mtmp/pre-sale-coupon-mall-harness/index.html[22m
[2m18:31:09[22m [36m[1m[vite][22m[39m [90m[2m(client)[22m[39m [32mpage reload [39m[2mtmp/order-ledger-dist/index.html[22m
[2m18:31:42[22m [36m[1m[vite][22m[39m [90m[2m(client)[22m[39m [32mpage reload [39m[2m.tmp/chrome-cdp-test-ps2/Default/Extensions/nmmhkkegccagdldgiimedpiccmgmieda/1.0.0.6_0/html/craw_window.html[22m
[2m18:32:11[22m [36m[1m[vite][22m[39m [90m[2m(client)[22m[39m [32mpage reload [39m[2m.tmp/chrome-cdp-test-ps3/Default/Extensions/nmmhkkegccagdldgiimedpiccmgmieda/1.0.0.6_0/html/craw_window.html[22m
[2m18:39:55[22m [36m[1m[vite][22m[39m [90m[2m(client)[22m[39m [32mpage reload [39m[2martifacts/dom-snapshots/shezhi--xinxi-weihu--fangxing-xinxi/default-target-20260519123000-page.html[22m
[2m18:39:55[22m [36m[1m[vite][22m[39m [90m[2m(client)[22m[39m [32mpage reload [39m[2martifacts/dom-snapshots/fangtai--fangtai-guanli--yuefangtai/real-data-target-20260519-182909.html[22m
[2m18:39:55[22m [36m[1m[vite][22m[39m [90m[2m(client)[22m[39m [32mpage reload [39m[2martifacts/dom-snapshots/shezhi--qiye-shezhi--qiye-zizhi/interaction-target-20260519-182809-page.html[22m
[2m18:41:03[22m [36m[1m[vite][22m[39m [90m[2m(client)[22m[39m [32mpage reload [39m[2martifacts/dom-snapshots/baobiao--shouzhi-mingxibiao--shouzhi-mingxi/default-clone-20260519103328-page.html[22m
[2m18:41:03[22m [36m[1m[vite][22m[39m [90m[2m(client)[22m[39m [32mpage reload [39m[2martifacts/dom-snapshots/baobiao--shouzhi-mingxibiao--shouzhi-mingxi/interaction-clone-20260519103328-page.html[22m
[2m18:41:05[22m [36m[1m[vite][22m[39m [90m[2m(client)[22m[39m [32mhmr update [39m[2m/src/pages/ApiKeysPage.tsx[22m
[2m18:41:25[22m [36m[1m[vite][22m[39m [90m[2m(client)[22m[39m [32mpage reload [39m[2martifacts/dom-snapshots/baobiao--yushouquan-shuju--yushouquan-xiaoshou-tongji/default-target-20260519183510-page.html[22m
[2m18:41:25[22m [36m[1m[vite][22m[39m [90m[2m(client)[22m[39m [32mpage reload [39m[2martifacts/dom-snapshots/baobiao--yushouquan-shuju--yushouquan-xiaoshou-tongji/detail-link-target-20260519183610-page.html[22m
[2m18:41:25[22m [36m[1m[vite][22m[39m [90m[2m(client)[22m[39m [32mpage reload [39m[2martifacts/dom-snapshots/shezhi--xinxi-weihu--fangxing-xinxi/detail-first-target-20260519123500-page.html[22m
[2m18:41:25[22m [36m[1m[vite][22m[39m [90m[2m(client)[22m[39m [32mpage reload [39m[2martifacts/dom-snapshots/shezhi--xinxi-weihu--fangxing-xinxi/new-room-type-target-20260519123500-page.html[22m
[2m18:41:25[22m [36m[1m[vite][22m[39m [90m[2m(client)[22m[39m [32mpage reload [39m[2martifacts/dom-snapshots/baobiao--shouzhi-mingxibiao--shouzhi-mingxi/default-clone-20260519103643-page.html[22m
[2m18:41:27[22m [36m[1m[vite][22m[39m [90m[2m(client)[22m[39m [32mpage reload [39m[2martifacts/dom-snapshots/zhihui-jiudian--zhizhu-yu-yingjian--zhineng-mensuo/add-dialog-clone-20260519185530-page.html[22m
[2m18:41:27[22m [36m[1m[vite][22m[39m [90m[2m(client)[22m[39m [32mpage reload [39m[2martifacts/dom-snapshots/zhihui-jiudian--zhizhu-yu-yingjian--zhineng-mensuo/default-clone-20260519185530-page.html[22m
[2m18:41:27[22m [36m[1m[vite][22m[39m [90m[2m(client)[22m[39m [32mpage reload [39m[2martifacts/dom-snapshots/shezhi--xinxi-weihu--mendian-xinxi/expand-row-target-20260519-95-refresh-expand-row-page.html[22m
[2m18:41:29[22m [36m[1m[vite][22m[39m [90m[2m(client)[22m[39m [32mhmr update [39m[2m/src/pages/ApiKeysPage.css[22m
[2m18:41:42[22m [36m[1m[vite][22m[39m [90m[2m(client)[22m[39m [32mpage reload [39m[2martifacts/dom-snapshots/baobiao--shouzhi-mingxibiao--shouzhi-mingxi/detail-clone-20260519103643-page.html[22m
[2m18:41:42[22m [36m[1m[vite][22m[39m [90m[2m(client)[22m[39m [32mpage reload [39m[2martifacts/dom-snapshots/baobiao--shouzhi-mingxibiao--shouzhi-mingxi/empty-clone-20260519103643-page.html[22m
[2m18:41:42[22m [36m[1m[vite][22m[39m [90m[2m(client)[22m[39m [32mpage reload [39m[2martifacts/dom-snapshots/baobiao--shouzhi-mingxibiao--shouzhi-mingxi/error-clone-20260519103643-page.html[22m
[2m18:41:42[22m [36m[1m[vite][22m[39m [90m[2m(client)[22m[39m [32mpage reload [39m[2martifacts/dom-snapshots/baobiao--shouzhi-mingxibiao--shouzhi-mingxi/interaction-clone-20260519103643-page.html[22m
[2m18:41:42[22m [36m[1m[vite][22m[39m [90m[2m(client)[22m[39m [32mpage reload [39m[2martifacts/dom-snapshots/shezhi--qiye-shezhi--qiye-zizhi/default-target-20260519-183740-page.html[22m
[2m18:42:19[22m [36m[1m[vite][22m[39m [90m[2m(client)[22m[39m [32mpage reload [39m[2m.tmp/chrome-cdp-target-test/Default/Extensions/ngpampappnmepgilojfohadhhmbhlaek/6.42.60_0/captured.html[22m
[2m18:42:19[22m [36m[1m[vite][22m[39m [90m[2m(client)[22m[39m [32mpage reload [39m[2m.tmp/chrome-cdp-target-test/Default/Extensions/ngpampappnmepgilojfohadhhmbhlaek/6.42.60_0/welcome.html[22m
[2m18:44:09[22m [36m[1m[vite][22m[39m [90m[2m(client)[22m[39m [32mpage reload [39m[2m.tmp/chrome-cdp-target-test/Default/Extensions/nmmhkkegccagdldgiimedpiccmgmieda/1.0.0.6_0/html/craw_window.html[22m
[2m18:44:30[22m [36m[1m[vite][22m[39m [90m[2m(client)[22m[39m [32mpage reload [39m[2m.tmp/chrome-cdp-1779186558453/Default/Extensions/ngpampappnmepgilojfohadhhmbhlaek/6.42.60_0/captured.html[22m
[2m18:44:31[22m [36m[1m[vite][22m[39m [90m[2m(client)[22m[39m [32mpage reload [39m[2m.tmp/chrome-cdp-1779186558453/Default/Extensions/ngpampappnmepgilojfohadhhmbhlaek/6.42.60_0/welcome.html[22m
[2m18:44:46[22m [36m[1m[vite][22m[39m [90m[2m(client)[22m[39m [32mpage reload [39m[2m.tmp/capture-shezhi--xinxi-weihu--fangxing-xinxi-target-default-20260519123000/Default/Extensions/ngpampappnmepgilojfohadhhmbhlaek/6.42.60_0/captured.html[22m
[2m18:44:46[22m [36m[1m[vite][22m[39m [90m[2m(client)[22m[39m [32mpage reload [39m[2m.tmp/capture-shezhi--xinxi-weihu--fangxing-xinxi-target-default-20260519123000/Default/Extensions/ngpampappnmepgilojfohadhhmbhlaek/6.42.60_0/welcome.html[22m
[2m18:44:58[22m [36m[1m[vite][22m[39m [90m[2m(client)[22m[39m [32mpage reload [39m[2m.tmp/chrome-cdp-1779186558453/Default/Extensions/nmmhkkegccagdldgiimedpiccmgmieda/1.0.0.6_0/html/craw_window.html[22m
[2m18:45:07[22m [36m[1m[vite][22m[39m [90m[2m(client)[22m[39m [32mpage reload [39m[2m.tmp/capture-shezhi--xinxi-weihu--fangxing-xinxi-target-new-room-type-20260519123500/Default/Extensions/ngpampappnmepgilojfohadhhmbhlaek/6.42.60_0/captured.html[22m
[2m18:45:07[22m [36m[1m[vite][22m[39m [90m[2m(client)[22m[39m [32mpage reload [39m[2m.tmp/capture-shezhi--xinxi-weihu--fangxing-xinxi-target-new-room-type-20260519123500/Default/Extensions/ngpampappnmepgilojfohadhhmbhlaek/6.42.60_0/welcome.html[22m
[2m18:45:10[22m [36m[1m[vite][22m[39m [90m[2m(client)[22m[39m [32mpage reload [39m[2m.tmp/capture-shezhi--xinxi-weihu--fangxing-xinxi-target-default-20260519123000/Default/Extensions/nmmhkkegccagdldgiimedpiccmgmieda/1.0.0.6_0/html/craw_window.html[22m
[2m18:45:10[22m [36m[1m[vite][22m[39m [90m[2m(client)[22m[39m [32mpage reload [39m[2m.tmp/capture-shezhi--xinxi-weihu--fangxing-xinxi-target-detail-first-20260519123500/Default/Extensions/ngpampappnmepgilojfohadhhmbhlaek/6.42.60_0/captured.html[22m
[2m18:45:10[22m [36m[1m[vite][22m[39m [90m[2m(client)[22m[39m [32mpage reload [39m[2m.tmp/capture-shezhi--xinxi-weihu--fangxing-xinxi-target-detail-first-20260519123500/Default/Extensions/ngpampappnmepgilojfohadhhmbhlaek/6.42.60_0/welcome.html[22m
[2m18:45:11[22m [36m[1m[vite][22m[39m [90m[2m(client)[22m[39m [32mpage reload [39m[2m.tmp/capture-shezhi--xinxi-weihu--fangxing-xinxi-target-room-first-20260519123500/Default/Extensions/ngpampappnmepgilojfohadhhmbhlaek/6.42.60_0/captured.html[22m
[2m18:45:11[22m [36m[1m[vite][22m[39m [90m[2m(client)[22m[39m [32mpage reload [39m[2m.tmp/capture-shezhi--xinxi-weihu--fangxing-xinxi-target-room-first-20260519123500/Default/Extensions/ngpampappnmepgilojfohadhhmbhlaek/6.42.60_0/welcome.html[22m
[2m18:46:59[22m [36m[1m[vite][22m[39m [90m[2m(client)[22m[39m [32mpage reload [39m[2m.tmp/capture-shezhi--xinxi-weihu--fangxing-xinxi-target-detail-first-20260519123500/Default/Extensions/nmmhkkegccagdldgiimedpiccmgmieda/1.0.0.6_0/html/craw_window.html[22m
[2m18:47:21[22m [36m[1m[vite][22m[39m [90m[2m(client)[22m[39m [32mpage reload [39m[2m.tmp/capture-shezhi--xinxi-weihu--fangxing-xinxi-target-new-room-type-20260519123500/Default/Extensions/nmmhkkegccagdldgiimedpiccmgmieda/1.0.0.6_0/html/craw_window.html[22m
[2m18:51:16[22m [36m[1m[vite][22m[39m [90m[2m(client)[22m[39m [32mhmr update [39m[2m/src/pages/ApiKeysPage.css[22m
[2m18:51:45[22m [36m[1m[vite][22m[39m [90m[2m(client)[22m[39m [32mpage reload [39m[2mtmp/ai-global-data-build/index.html[22m
