[2m19:34:35[22m [31m[1m[vite][22m[39m [31m[2m(client)[22m[39m Pre-transform error: Failed to resolve import "./NotificationSettingPage.css" from "src/pages/NotificationSettingPage.tsx". Does the file exist?
  Plugin: [35mvite:import-analysis[39m
  File: [36mC:/Users/Administrator/Desktop/work/xxxxx/pms_clone/src/pages/NotificationSettingPage.tsx[39m:19:7
[33m  2  |  import { useLocation } from "react-router-dom";
  3  |  import { createDefaultNotificationSettingQuery, loadNotificationSettingViewModel, markNotificationAccountFollowed, No...
  4  |  import "./NotificationSettingPage.css";
     |          ^
  5  |  var _jsxFileName = "C:/Users/Administrator/Desktop/work/xxxxx/pms_clone/src/pages/NotificationSettingPage.tsx";
  6  |  import { jsxDEV as _jsxDEV } from "react/jsx-dev-runtime";[39m
[2m19:34:35[22m [31m[1m[vite][22m[39m [31m[2m(client)[22m[39m Pre-transform error: Failed to resolve import "./NotificationSettingPage.css" from "src/pages/NotificationSettingPage.tsx". Does the file exist?
  Plugin: [35mvite:import-analysis[39m
  File: [36mC:/Users/Administrator/Desktop/work/xxxxx/pms_clone/src/pages/NotificationSettingPage.tsx[39m:19:7
[33m  2  |  import { useLocation } from "react-router-dom";
  3  |  import { createDefaultNotificationSettingQuery, loadNotificationSettingViewModel, markNotificationAccountFollowed, No...
  4  |  import "./NotificationSettingPage.css";
     |          ^
  5  |  var _jsxFileName = "C:/Users/Administrator/Desktop/work/xxxxx/pms_clone/src/pages/NotificationSettingPage.tsx";
  6  |  import { jsxDEV as _jsxDEV } from "react/jsx-dev-runtime";[39m
[2m19:34:53[22m [31m[1m[vite][22m[39m [31m[2m(client)[22m[39m Pre-transform error: Failed to resolve import "./NotificationSettingPage.css" from "src/pages/NotificationSettingPage.tsx". Does the file exist?
  Plugin: [35mvite:import-analysis[39m
  File: [36mC:/Users/Administrator/Desktop/work/xxxxx/pms_clone/src/pages/NotificationSettingPage.tsx[39m:19:7
[33m  2  |  import { useLocation } from "react-router-dom";
  3  |  import { createDefaultNotificationSettingQuery, loadNotificationSettingViewModel, markNotificationAccountFollowed, No...
  4  |  import "./NotificationSettingPage.css";
     |          ^
  5  |  var _jsxFileName = "C:/Users/Administrator/Desktop/work/xxxxx/pms_clone/src/pages/NotificationSettingPage.tsx";
  6  |  import { jsxDEV as _jsxDEV } from "react/jsx-dev-runtime";[39m
[2m19:34:53[22m [31m[1m[vite][22m[39m [31m[2m(client)[22m[39m Pre-transform error: Failed to resolve import "./NotificationSettingPage.css" from "src/pages/NotificationSettingPage.tsx". Does the file exist?
  Plugin: [35mvite:import-analysis[39m
  File: [36mC:/Users/Administrator/Desktop/work/xxxxx/pms_clone/src/pages/NotificationSettingPage.tsx[39m:19:7
[33m  2  |  import { useLocation } from "react-router-dom";
  3  |  import { createDefaultNotificationSettingQuery, loadNotificationSettingViewModel, markNotificationAccountFollowed, No...
  4  |  import "./NotificationSettingPage.css";
     |          ^
  5  |  var _jsxFileName = "C:/Users/Administrator/Desktop/work/xxxxx/pms_clone/src/pages/NotificationSettingPage.tsx";
  6  |  import { jsxDEV as _jsxDEV } from "react/jsx-dev-runtime";[39m
[2m19:34:53[22m [31m[1m[vite][22m[39m [31m[2m(client)[22m[39m Pre-transform error: Failed to resolve import "./NotificationSettingPage.css" from "src/pages/NotificationSettingPage.tsx". Does the file exist?
  Plugin: [35mvite:import-analysis[39m
  File: [36mC:/Users/Administrator/Desktop/work/xxxxx/pms_clone/src/pages/NotificationSettingPage.tsx[39m:19:7
[33m  2  |  import { useLocation } from "react-router-dom";
  3  |  import { createDefaultNotificationSettingQuery, loadNotificationSettingViewModel, markNotificationAccountFollowed, No...
  4  |  import "./NotificationSettingPage.css";
     |          ^
  5  |  var _jsxFileName = "C:/Users/Administrator/Desktop/work/xxxxx/pms_clone/src/pages/NotificationSettingPage.tsx";
  6  |  import { jsxDEV as _jsxDEV } from "react/jsx-dev-runtime";[39m
