
> pms_clone@0.0.0 dev
> vite --host 127.0.0.1 --port 4316

[2m19:29:55[22m [36m[1m[vite][22m[39m [90m[2m(client)[22m[39m Re-optimizing dependencies because vite config has changed
Port 4316 is in use, trying another one...

  [32m[1mVITE[22m v8.0.12[39m  [2mready in [0m[1m2237[22m[2m[0m ms[22m

  [32m➜[39m  [1mLocal[22m:   [36mhttp://127.0.0.1:[1m4317[22m/[39m
[2m19:29:59[22m [36m[1m[vite][22m[39m [90m[2m(client)[22m[39m [optimizer] scanning dependencies...
[2m19:31:16[22m [36m[1m[vite][22m[39m [90m[2m(client)[22m[39m [32mpage reload [39m[2martifacts/dom-snapshots/yingyong-dingyue--quanyi-yu-dingyue--banben-dingyue/default-target-page-20260519112944.html[22m
[2m19:31:17[22m [36m[1m[vite][22m[39m [90m[2m(client)[22m[39m [32mpage reload [39m[2martifacts/dom-snapshots/baobiao--jiaojieban--jiaojieban/default-clone-20260519-reaudit1-page.html[22m
[2m19:31:17[22m [36m[1m[vite][22m[39m [90m[2m(client)[22m[39m [32mpage reload [39m[2martifacts/dom-snapshots/baobiao--jiaojieban--jiaojieban/detail-clone-20260519-reaudit1-page.html[22m
[2m19:31:18[22m [36m[1m[vite][22m[39m [90m[2m(client)[22m[39m [32mpage reload [39m[2martifacts/dom-snapshots/shezhi--tongyong-shezhi--paixu-shezhi/primary-action-target-20260519113057-page.html[22m
[2m19:31:41[22m [36m[1m[vite][22m[39m [90m[2m(client)[22m[39m [optimizer] bundling dependencies...
[2m19:33:08[22m [36m[1m[vite][22m[39m [90m[2m(client)[22m[39m [32mpage reload [39m[2martifacts/dom-snapshots/baobiao--jiaojieban--jiaojieban/default-target-20260519-finalproof-page.html[22m
[2m19:33:16[22m [36m[1m[vite][22m[39m [90m[2m(client)[22m[39m [32mpage reload [39m[2martifacts/dom-snapshots/baobiao--jiaojieban--jiaojieban/default-clone-20260519-finalproof-page.html[22m
[2m19:33:56[22m [36m[1m[vite][22m[39m [90m[2m(client)[22m[39m [32mpage reload [39m[2martifacts/dom-snapshots/baobiao--jiaojieban--jiaojieban/query-clone-20260519-finalproof-page.html[22m
[2m19:34:37[22m [36m[1m[vite][22m[39m [90m[2m(client)[22m[39m [32mpage reload [39m[2martifacts/dom-snapshots/baobiao--jiaojieban--jiaojieban/detail-clone-20260519-finalproof-page.html[22m
[2m19:37:25[22m [36m[1m[vite][22m[39m [90m[2m(client)[22m[39m [32mpage reload [39m[2mtmp/room-type-info-dist/index.html[22m
[2m19:37:57[22m [36m[1m[vite][22m[39m [90m[2m(client)[22m[39m [32mpage reload [39m[2martifacts/dom-snapshots/baobiao--jiaojieban--jiaojieban/error-clone-20260519-finalproof-page.html[22m
[2m19:39:32[22m [36m[1m[vite][22m[39m [90m[2m(client)[22m[39m [32mpage reload [39m[2martifacts/dom-snapshots/baobiao--jiaojieban--jiaojieban/settings-clone-20260519-finalproof-page.html[22m
[2m19:40:58[22m [36m[1m[vite][22m[39m [90m[2m(client)[22m[39m [32mpage reload [39m[2mtmp/write-expend-setting-dist/index.html[22m
[2m19:42:43[22m [36m[1m[vite][22m[39m [90m[2m(client)[22m[39m [32mpage reload [39m[2martifacts/dom-snapshots/baobiao--jiaojieban--jiaojieban/settings-clone-20260519-settingsfix-page.html[22m
[2m19:45:13[22m [36m[1m[vite][22m[39m [90m[2m(client)[22m[39m [32mpage reload [39m[2mtmp/company-info-build/index.html[22m
[2m19:45:31[22m [36m[1m[vite][22m[39m [90m[2m(client)[22m[39m [32mpage reload [39m[2mtmp/income-order-ledger-build/index.html[22m
[2m19:45:57[22m [36m[1m[vite][22m[39m [90m[2m(client)[22m[39m [32mpage reload [39m[2mtmp/custom-channel-harness/index.html[22m
[2m19:46:21[22m [36m[1m[vite][22m[39m [90m[2m(client)[22m[39m [32mpage reload [39m[2mtmp/auto-strategy-setting-harness/index.html[22m
[2m19:46:58[22m [36m[1m[vite][22m[39m [90m[2m(client)[22m[39m [32mpage reload [39m[2m.tmp/capture-shezhi--xinxi-weihu--fangxing-xinxi-clone-default-20260519195600/Default/Extensions/ngpampappnmepgilojfohadhhmbhlaek/6.42.60_0/captured.html[22m
[2m19:46:59[22m [36m[1m[vite][22m[39m [90m[2m(client)[22m[39m [32mpage reload [39m[2m.tmp/capture-shezhi--xinxi-weihu--fangxing-xinxi-clone-default-20260519195600/Default/Extensions/ngpampappnmepgilojfohadhhmbhlaek/6.42.60_0/welcome.html[22m
[2m19:47:26[22m [36m[1m[vite][22m[39m [90m[2m(client)[22m[39m [32mpage reload [39m[2m.tmp/capture-shezhi--xinxi-weihu--fangxing-xinxi-clone-default-20260519195600/Default/Extensions/nmmhkkegccagdldgiimedpiccmgmieda/1.0.0.6_0/html/craw_window.html[22m
[2m19:48:02[22m [36m[1m[vite][22m[39m [90m[2m(client)[22m[39m [32mpage reload [39m[2mtmp/months-drawer-dist/index.html[22m
[2m19:48:12[22m [36m[1m[vite][22m[39m [90m[2m(client)[22m[39m [32mpage reload [39m[2mtmp/months-drawer-dist/index.html[22m
[2m19:50:53[22m [36m[1m[vite][22m[39m [90m[2m(client)[22m[39m [32mpage reload [39m[2martifacts/dom-snapshots/yingyong-dingyue--quanyi-yu-dingyue--zhihuan-quanyi/default-clone-20260519-red-local-static-page.html[22m
[2m19:51:05[22m [36m[1m[vite][22m[39m [90m[2m(client)[22m[39m [32mhmr update [39m[2m/src/App.tsx[22m
[2m19:51:13[22m [36m[1m[vite][22m[39m [90m[2m(client)[22m[39m [32mhmr update [39m[2m/src/App.tsx[22m
[2m19:51:14[22m [36m[1m[vite][22m[39m [32mvite.config.ts changed, restarting server...[39m
