
> pms_clone@0.0.0 dev
> vite --host 127.0.0.1 --port 4174

Port 4174 is in use, trying another one...
Port 4175 is in use, trying another one...
Port 4176 is in use, trying another one...
Port 4177 is in use, trying another one...
Port 4178 is in use, trying another one...
Port 4179 is in use, trying another one...
Port 4180 is in use, trying another one...
Port 4181 is in use, trying another one...
Port 4182 is in use, trying another one...
Port 4183 is in use, trying another one...
Port 4184 is in use, trying another one...
Port 4185 is in use, trying another one...
Port 4186 is in use, trying another one...

  [32m[1mVITE[22m v8.0.12[39m  [2mready in [0m[1m1159[22m[2m[0m ms[22m

  [32m➜[39m  [1mLocal[22m:   [36mhttp://127.0.0.1:[1m4187[22m/[39m
[2m18:29:20[22m [36m[1m[vite][22m[39m [90m[2m(client)[22m[39m [32mpage reload [39m[2mtmp/ai-global-data-route.html[22m
[2m18:41:34[22m [36m[1m[vite][22m[39m [90m[2m(client)[22m[39m [32mpage reload [39m[2mtmp/order-ledger-dist/index.html[22m
[2m18:41:40[22m [36m[1m[vite][22m[39m [90m[2m(client)[22m[39m [32mpage reload [39m[2martifacts/dom-snapshots/baobiao--shouzhi-mingxibiao--shouzhi-mingxi/default-clone-20260519103328-page.html[22m
[2m18:41:40[22m [36m[1m[vite][22m[39m [90m[2m(client)[22m[39m [32mpage reload [39m[2martifacts/dom-snapshots/baobiao--shouzhi-mingxibiao--shouzhi-mingxi/default-clone-20260519103643-page.html[22m
[2m18:41:40[22m [36m[1m[vite][22m[39m [90m[2m(client)[22m[39m [32mpage reload [39m[2martifacts/dom-snapshots/baobiao--shouzhi-mingxibiao--shouzhi-mingxi/detail-clone-20260519103643-page.html[22m
[2m18:41:40[22m [36m[1m[vite][22m[39m [90m[2m(client)[22m[39m [32mpage reload [39m[2martifacts/dom-snapshots/baobiao--shouzhi-mingxibiao--shouzhi-mingxi/empty-clone-20260519103643-page.html[22m
[2m18:41:40[22m [36m[1m[vite][22m[39m [90m[2m(client)[22m[39m [32mpage reload [39m[2martifacts/dom-snapshots/baobiao--shouzhi-mingxibiao--shouzhi-mingxi/error-clone-20260519103643-page.html[22m
[2m18:41:40[22m [36m[1m[vite][22m[39m [90m[2m(client)[22m[39m [32mpage reload [39m[2martifacts/dom-snapshots/baobiao--shouzhi-mingxibiao--shouzhi-mingxi/interaction-clone-20260519103328-page.html[22m
[2m18:41:40[22m [36m[1m[vite][22m[39m [90m[2m(client)[22m[39m [32mpage reload [39m[2martifacts/dom-snapshots/baobiao--shouzhi-mingxibiao--shouzhi-mingxi/interaction-clone-20260519103643-page.html[22m
[2m18:41:40[22m [36m[1m[vite][22m[39m [90m[2m(client)[22m[39m [32mpage reload [39m[2martifacts/dom-snapshots/baobiao--yushouquan-shuju--yushouquan-xiaoshou-tongji/default-target-20260519183510-page.html[22m
[2m18:41:40[22m [36m[1m[vite][22m[39m [90m[2m(client)[22m[39m [32mpage reload [39m[2martifacts/dom-snapshots/baobiao--yushouquan-shuju--yushouquan-xiaoshou-tongji/detail-link-target-20260519183610-page.html[22m
[2m18:41:40[22m [36m[1m[vite][22m[39m [90m[2m(client)[22m[39m [32mpage reload [39m[2martifacts/dom-snapshots/fangtai--fangtai-guanli--yuefangtai/real-data-target-20260519-182909.html[22m
[2m18:41:40[22m [36m[1m[vite][22m[39m [90m[2m(client)[22m[39m [32mpage reload [39m[2martifacts/dom-snapshots/shezhi--qiye-shezhi--qiye-zizhi/default-target-20260519-183740-page.html[22m
[2m18:41:40[22m [36m[1m[vite][22m[39m [90m[2m(client)[22m[39m [32mpage reload [39m[2martifacts/dom-snapshots/shezhi--qiye-shezhi--qiye-zizhi/interaction-target-20260519-182809-page.html[22m
[2m18:41:40[22m [36m[1m[vite][22m[39m [90m[2m(client)[22m[39m [32mpage reload [39m[2martifacts/dom-snapshots/shezhi--xinxi-weihu--fangxing-xinxi/default-target-20260519123000-page.html[22m
[2m18:41:40[22m [36m[1m[vite][22m[39m [90m[2m(client)[22m[39m [32mpage reload [39m[2martifacts/dom-snapshots/shezhi--xinxi-weihu--fangxing-xinxi/detail-first-target-20260519123500-page.html[22m
[2m18:41:40[22m [36m[1m[vite][22m[39m [90m[2m(client)[22m[39m [32mpage reload [39m[2martifacts/dom-snapshots/shezhi--xinxi-weihu--fangxing-xinxi/new-room-type-target-20260519123500-page.html[22m
[2m18:41:40[22m [36m[1m[vite][22m[39m [90m[2m(client)[22m[39m [32mpage reload [39m[2martifacts/dom-snapshots/shezhi--xinxi-weihu--mendian-xinxi/expand-row-target-20260519-95-refresh-expand-row-page.html[22m
[2m18:41:40[22m [36m[1m[vite][22m[39m [90m[2m(client)[22m[39m [32mpage reload [39m[2martifacts/dom-snapshots/zhihui-jiudian--zhizhu-yu-yingjian--zhineng-mensuo/default-clone-20260519185530-page.html[22m
[2m18:41:40[22m [36m[1m[vite][22m[39m [90m[2m(client)[22m[39m [32mpage reload [39m[2martifacts/dom-snapshots/zhihui-jiudian--zhizhu-yu-yingjian--zhineng-mensuo/add-dialog-clone-20260519185530-page.html[22m
[2m18:43:00[22m [36m[1m[vite][22m[39m [90m[2m(client)[22m[39m [32mpage reload [39m[2m.tmp/chrome-cdp-1779186558453/Default/Extensions/ngpampappnmepgilojfohadhhmbhlaek/6.42.60_0/captured.html[22m
[2m18:43:00[22m [36m[1m[vite][22m[39m [90m[2m(client)[22m[39m [32mpage reload [39m[2m.tmp/chrome-cdp-1779186558453/Default/Extensions/ngpampappnmepgilojfohadhhmbhlaek/6.42.60_0/welcome.html[22m
[2m18:43:10[22m [36m[1m[vite][22m[39m [90m[2m(client)[22m[39m [32mpage reload [39m[2m.tmp/capture-shezhi--xinxi-weihu--fangxing-xinxi-target-room-first-20260519123500/Default/Extensions/ngpampappnmepgilojfohadhhmbhlaek/6.42.60_0/captured.html[22m
[2m18:43:10[22m [36m[1m[vite][22m[39m [90m[2m(client)[22m[39m [32mpage reload [39m[2m.tmp/capture-shezhi--xinxi-weihu--fangxing-xinxi-target-room-first-20260519123500/Default/Extensions/ngpampappnmepgilojfohadhhmbhlaek/6.42.60_0/welcome.html[22m
[2m18:43:11[22m [36m[1m[vite][22m[39m [90m[2m(client)[22m[39m [32mpage reload [39m[2m.tmp/capture-shezhi--xinxi-weihu--fangxing-xinxi-target-detail-first-20260519123500/Default/Extensions/ngpampappnmepgilojfohadhhmbhlaek/6.42.60_0/captured.html[22m
[2m18:43:11[22m [36m[1m[vite][22m[39m [90m[2m(client)[22m[39m [32mpage reload [39m[2m.tmp/capture-shezhi--xinxi-weihu--fangxing-xinxi-target-detail-first-20260519123500/Default/Extensions/ngpampappnmepgilojfohadhhmbhlaek/6.42.60_0/welcome.html[22m
[2m18:43:11[22m [36m[1m[vite][22m[39m [90m[2m(client)[22m[39m [32mpage reload [39m[2m.tmp/capture-shezhi--xinxi-weihu--fangxing-xinxi-target-default-20260519123000/Default/Extensions/ngpampappnmepgilojfohadhhmbhlaek/6.42.60_0/captured.html[22m
[2m18:43:11[22m [36m[1m[vite][22m[39m [90m[2m(client)[22m[39m [32mpage reload [39m[2m.tmp/capture-shezhi--xinxi-weihu--fangxing-xinxi-target-default-20260519123000/Default/Extensions/ngpampappnmepgilojfohadhhmbhlaek/6.42.60_0/welcome.html[22m
[2m18:43:11[22m [36m[1m[vite][22m[39m [90m[2m(client)[22m[39m [32mpage reload [39m[2m.tmp/capture-shezhi--xinxi-weihu--fangxing-xinxi-target-new-room-type-20260519123500/Default/Extensions/ngpampappnmepgilojfohadhhmbhlaek/6.42.60_0/captured.html[22m
[2m18:43:11[22m [36m[1m[vite][22m[39m [90m[2m(client)[22m[39m [32mpage reload [39m[2m.tmp/capture-shezhi--xinxi-weihu--fangxing-xinxi-target-new-room-type-20260519123500/Default/Extensions/ngpampappnmepgilojfohadhhmbhlaek/6.42.60_0/welcome.html[22m
[2m18:43:57[22m [36m[1m[vite][22m[39m [90m[2m(client)[22m[39m [32mpage reload [39m[2m.tmp/chrome-cdp-1779186558453/Default/Extensions/nmmhkkegccagdldgiimedpiccmgmieda/1.0.0.6_0/html/craw_window.html[22m
[2m18:44:18[22m [36m[1m[vite][22m[39m [90m[2m(client)[22m[39m [32mpage reload [39m[2m.tmp/capture-shezhi--xinxi-weihu--fangxing-xinxi-target-default-20260519123000/Default/Extensions/nmmhkkegccagdldgiimedpiccmgmieda/1.0.0.6_0/html/craw_window.html[22m
[2m18:44:27[22m [36m[1m[vite][22m[39m [90m[2m(client)[22m[39m [32mhmr update [39m[2m/src/App.tsx[22m
[2m18:46:52[22m [36m[1m[vite][22m[39m [90m[2m(client)[22m[39m [32mpage reload [39m[2m.tmp/capture-shezhi--xinxi-weihu--fangxing-xinxi-target-detail-first-20260519123500/Default/Extensions/nmmhkkegccagdldgiimedpiccmgmieda/1.0.0.6_0/html/craw_window.html[22m
[2m18:47:09[22m [36m[1m[vite][22m[39m [90m[2m(client)[22m[39m [32mpage reload [39m[2m.tmp/capture-shezhi--xinxi-weihu--fangxing-xinxi-target-new-room-type-20260519123500/Default/Extensions/nmmhkkegccagdldgiimedpiccmgmieda/1.0.0.6_0/html/craw_window.html[22m
[2m18:51:28[22m [36m[1m[vite][22m[39m [90m[2m(client)[22m[39m [32mpage reload [39m[2mtmp/ai-global-data-build/index.html[22m
